[designreset.com/cork/documentation/getting-started.html]
[backblue.gif]
[fade.gif]
[index.html]
[designreset.com/cork/documentation/index.html]
[designreset.com/cork/documentation/file_structure.html]
[designreset.com/cork/documentation/admin_structure.html]
[designreset.com/cork/documentation/grid_system.html]
[designreset.com/cork/documentation/installation.html]
[designreset.com/cork/documentation/style_customization.html]
[designreset.com/cork/documentation/javascript.html]
[designreset.com/cork/documentation/intro_starter_kit.html]
[designreset.com/cork/documentation/attributions.html]
[designreset.com/cork/documentation/support.html]
[designreset.com/cork/documentation/changelog.html]
[designreset.com/cork/documentation/cork-admin-version2.html]
[designreset.com/cork/documentation/img/responsive.png]
[designreset.com/cork/documentation/img/dashboard.png]
[designreset.com/cork/documentation/img/sass-blue.png]
[designreset.com/cork/documentation/img/components.png]
[designreset.com/cork/documentation/img/clean-code.png]
[designreset.com/cork/documentation/img/drag.png]
[designreset.com/cork/documentation/img/apps.png]
[designreset.com/cork/documentation/img/update.png]
[designreset.com/cork/documentation/img/datatable.png]
[designreset.com/cork/documentation/img/high-performance.png]
[designreset.com/cork/documentation/img/gulp.png]
[designreset.com/cork/documentation/img/easy-to-customize.png]
[designreset.com/cork/documentation/img/support.png]
[designreset.com/cork/documentation/img/landing-page.png]
[designreset.com/cork/documentation/img/documentation.png]
[designreset.com/cork/documentation/img/edge.png]
[designreset.com/cork/documentation/img/opera.png]
[designreset.com/cork/documentation/img/safari.png]
[designreset.com/cork/documentation/img/mozilla.png]
[designreset.com/cork/documentation/img/chrome.png]
[designreset.com/cork/documentation/img/internet-explorer.png]
[designreset.com/cork/documentation/js/perfect-scrollbar.min.js]
[designreset.com/cork/documentation/js/script.js]
[designreset.com/cork/documentation/getting-started.html]
[designreset.com/cork/documentation/js/styles/monokai-sublime.css]
[designreset.com/cork/ltr/demo4/bootstrap/css/bootstrap.min.css]
[designreset.com/cork/documentation/css/perfect-scrollbar.css]
[designreset.com/cork/documentation/css/structure.css]
[designreset.com/cork/documentation/css/style.css]
[designreset.com/cork/documentation/laravel/index.html]
[designreset.com/cork/documentation/index.html]
[designreset.com/cork/documentation/img/logo.svg]
[designreset.com/cork/documentation/file_structure.html]
[designreset.com/cork/documentation/js/highlight.pack.js]
[designreset.com/cork/documentation/admin_structure.html]
[designreset.com/cork/documentation/grid_system.html]
[designreset.com/cork/documentation/installation.html]
[designreset.com/cork/documentation/style_customization.html]
[designreset.com/cork/documentation/javascript.html]
[designreset.com/cork/documentation/intro_starter_kit.html]
[designreset.com/cork/documentation/attributions.html]
[designreset.com/cork/documentation/support.html]
[designreset.com/cork/documentation/changelog.html]
[designreset.com/cork/documentation/cork-admin-version2.html]
[designreset.com/cork/documentation/laravel/file_structure.html]
[designreset.com/cork/documentation/laravel/admin_structure.html]
[designreset.com/cork/documentation/laravel/grid_system.html]
[designreset.com/cork/documentation/laravel/installation.html]
[designreset.com/cork/documentation/laravel/style_customization.html]
[designreset.com/cork/documentation/laravel/javascript.html]
[designreset.com/cork/documentation/laravel/intro_starter_kit.html]
[designreset.com/cork/documentation/laravel/attributions.html]
[designreset.com/cork/documentation/laravel/support.html]
[designreset.com/cork/documentation/laravel/changelog.html]
[designreset.com/cork/documentation/laravel/index.html]
[designreset.com/cork/documentation/css/whats-new.css]
[designreset.com/cork/documentation/laravel/file_structure.html]
[designreset.com/cork/documentation/laravel/admin_structure.html]
[designreset.com/cork/documentation/laravel/grid_system.html]
[designreset.com/cork/documentation/laravel/installation.html]
[designreset.com/cork/documentation/laravel/style_customization.html]
[designreset.com/cork/documentation/laravel/javascript.html]
[designreset.com/cork/documentation/ltr/demo1/assets/img/favicon.ico]
[designreset.com/cork/documentation/laravel/js/perfect-scrollbar.min.js]
[designreset.com/cork/documentation/laravel/js/script.js]
[designreset.com/cork/documentation/laravel/intro_starter_kit.html]
[designreset.com/cork/documentation/laravel/attributions.html]
[designreset.com/cork/documentation/laravel/support.html]
[designreset.com/cork/documentation/laravel/changelog.html]
[designreset.com/cork/documentation/ltr/demo1/assets/img/favicon.html]
[designreset.com/cork/documentation/laravel/js/perfect-scrollbar.min.html]
[designreset.com/cork/documentation/laravel/js/script.html]
